<html>
<body>
<pre>
<h1>礦ision Build Log</h1>
<h2>Project:</h2>
D:\0.guangdian_che -(比赛备份) - 副本，改\Project\STM32_103ZE.uvproj
Project File Date:  04/23/2018

<h2>Output:</h2>
Rebuild target 'stm32new'
compiling stm32f10x_it.c...
compiling main.c...
compiling xunji.c...
compiling control.c...
compiling systick.c...
compiling misc.c...
compiling stm32f10x_adc.c...
compiling stm32f10x_bkp.c...
compiling stm32f10x_can.c...
compiling stm32f10x_cec.c...
compiling stm32f10x_crc.c...
compiling stm32f10x_dac.c...
compiling stm32f10x_dbgmcu.c...
compiling stm32f10x_dma.c...
compiling stm32f10x_exti.c...
compiling stm32f10x_flash.c...
compiling stm32f10x_fsmc.c...
compiling stm32f10x_gpio.c...
compiling stm32f10x_i2c.c...
compiling stm32f10x_iwdg.c...
compiling stm32f10x_pwr.c...
compiling stm32f10x_rcc.c...
compiling stm32f10x_rtc.c...
compiling stm32f10x_sdio.c...
compiling stm32f10x_spi.c...
compiling stm32f10x_tim.c...
compiling stm32f10x_usart.c...
compiling stm32f10x_wwdg.c...
compiling system_stm32f10x.c...
compiling core_cm3.c...
assembling startup_stm32f10x_md.s...
linking...
Program Size: Code=3068 RO-data=268 RW-data=36 ZI-data=1028  
FromELF: creating hex file...
"..\Output\STM32_103C8.axf" - 0 Error(s), 0 Warning(s).
</pre>
</body>
</html>
